// Jest Snapshot v1, https://goo.gl/fbAQLP

exports[`ToggleButton snapshotShot 1`] = `
Array [
  <Styler>
    <styled.li
      active={true}
      colorVariation="#FDAFBB"
      label="Botão teste"
    >
      Botão teste
    </styled.li>
  </Styler>,
]
`;
